yarn run v1.22.21
$ jest --coverage --maxWorkers=2 account-settings
FAIL app/javascript/__tests__/pages/account/account-settings.test.tsx
  <AccountSettingsPage />
    when the user is signed in
      ✓ shows the correct header text (71 ms)
      ✕ resize events (42 ms)
      when the user updates their name and DOB
        ✓ updates Name (380 ms)
        ✓ updates DOB (161 ms)
        ✓ blocks a DOB update if invalid (89 ms)
      when the user updates their email
        ✓ updates Email (286 ms)
        ✓ does not update with malformed emails (85 ms)
      when the user updates their password
        ✓ does not update when only one field is filled out (17 ms)
        ✓ does not update when the new password field is insufficiently complex (20 ms)
        ✓ updates the password field (28 ms)
      renders the correct errors
        ✓ name Errors (433 ms)
        ✓ date of birth errors (545 ms)
        ✓ email Errors (162 ms)
        ✓ password Errors (193 ms)
    when the user is not signed in
      ✓ redirects to the sign in page (1 ms)

  ● <AccountSettingsPage /> › when the user is signed in › resize events

    expect(received).toMatchSnapshot()

    Snapshot name: `<AccountSettingsPage /> when the user is signed in resize events 2`

    - Snapshot  - 106
    + Received  +  58

    @@ -110,63 +110,39 @@
                            />
                          </div>
                        </a>
                      </div>
                      <div
    -                   class="site-header__navbar-menu site-header__navbar-wrapped"
    +                   class="site-header__navbar-menu "
                        id="site-header-links"
                      >
    -                   <a
    -                     class="site-header__link  "
    -                     data-testid="Rent-0"
    -                     href="/listings/for-rent"
    -                     target="_self"
    +                   <button
    +                     class="site-header__mobile-menu-text-button"
                        >
    -                     <div>
    -                       Rent
    +                     <div
    +                       class="site-header__mobile-menu-text-button-content"
    +                     >
    +                       Menu
                          </div>
    -                   </a>
    -                   <a
    -                     class="site-header__link  "
    -                     data-testid="Buy-1"
    -                     href="/listings/for-sale"
    -                     target="_self"
    -                   >
    -                     <div>
    -                       Buy
    -                     </div>
    -                   </a>
    -                   <a
    -                     class="site-header__link  "
    -                     data-testid="My Favorites-2"
    -                     href="/favorites"
    -                     target="_self"
    -                   >
    -                     <div>
    -                       My Favorites
    -                     </div>
    -                   </a>
    -                   <a
    -                     class="site-header__link  "
    -                     data-testid="Get Assistance-3"
    -                     href="/get-assistance"
    -                     target="_self"
    -                   >
    -                     <div>
    -                       Get Assistance
    -                     </div>
    -                   </a>
    -                   <a
    -                     class="site-header__link  "
    -                     data-testid="Sign In-4"
    -                     href="/sign-in"
    -                     target="_self"
    -                   >
    -                     <div>
    -                       Sign In
    -                     </div>
    -                   </a>
    +                     <span
    +                       class="ui-icon ui-base site-header__mobile-menu-icon"
    +                     >
    +                       <svg
    +                         fill="currentColor"
    +                         height="9"
    +                         viewBox="0 0 9 9"
    +                         width="9"
    +                         xmlns="http://www.w3.org/2000/svg"
    +                       >
    +                         <path
    +                           clip-rule="evenodd"
    +                           d="M8.61429 2.3625H0.385714C0.0309375 2.3625 0 2.086 0 1.74375C0 1.4015 0.0309375 1.125 0.385714 1.125H8.61429C8.96906 1.125 9 1.4015 9 1.74375C9 2.086 8.96906 2.3625 8.61429 2.3625ZM8.61429 3.6H0.385714C0.0309375 3.6 0 3.8765 0 4.21875C0 4.561 0.0309375 4.8375 0.385714 4.8375H8.61429C8.96906 4.8375 9 4.561 9 4.21875C9 3.8765 8.96906 3.6 8.61429 3.6ZM8.61429 6.075H0.385714C0.0309375 6.075 0 6.3515 0 6.69375C0 7.036 0.0309375 7.3125 0.385714 7.3125H8.61429C8.96906 7.3125 9 7.036 9 6.69375C9 6.3515 8.96906 6.075 8.61429 6.075Z"
    +                           fill-rule="evenodd"
    +                         />
    +                       </svg>
    +                     </span>
    +                   </button>
                      </div>
                    </div>
                  </nav>
                </header>
                <main
    @@ -238,11 +214,11 @@
                            We use this information to help you fill in your application.
                          </p>
                        </header>
                        <div
                          class="seeds-card-section"
    -                     data-divider="inset"
    +                     data-divider="flush"
                        >
                          <form
                            class="p-2 md:py-2 md:px-10"
                            novalidate=""
                          >
    @@ -348,11 +324,11 @@
                            </div>
                          </form>
                        </div>
                        <div
                          class="seeds-card-section"
    -                     data-divider="inset"
    +                     data-divider="flush"
                        >
                          <form
                            class="p-2 md:py-2 md:px-10"
                            novalidate=""
                          >
    @@ -466,11 +442,11 @@
                            </div>
                          </form>
                        </div>
                        <div
                          class="seeds-card-section"
    -                     data-divider="inset"
    +                     data-divider="flush"
                        >
                          <form
                            class="p-2 md:py-2 md:px-10"
                            novalidate=""
                          >
    @@ -524,11 +500,11 @@
                            </div>
                          </form>
                        </div>
                        <div
                          class="seeds-card-section"
    -                     data-divider="inset"
    +                     data-divider="flush"
                        >
                          <form
                            class="p-2 md:py-2 md:px-10"
                            novalidate=""
                          >
    @@ -952,63 +928,39 @@
                          />
                        </div>
                      </a>
                    </div>
                    <div
    -                 class="site-header__navbar-menu site-header__navbar-wrapped"
    +                 class="site-header__navbar-menu "
                      id="site-header-links"
                    >
    -                 <a
    -                   class="site-header__link  "
    -                   data-testid="Rent-0"
    -                   href="/listings/for-rent"
    -                   target="_self"
    -                 >
    -                   <div>
    -                     Rent
    -                   </div>
    -                 </a>
    -                 <a
    -                   class="site-header__link  "
    -                   data-testid="Buy-1"
    -                   href="/listings/for-sale"
    -                   target="_self"
    -                 >
    -                   <div>
    -                     Buy
    -                   </div>
    -                 </a>
    -                 <a
    -                   class="site-header__link  "
    -                   data-testid="My Favorites-2"
    -                   href="/favorites"
    -                   target="_self"
    -                 >
    -                   <div>
    -                     My Favorites
    -                   </div>
    -                 </a>
    -                 <a
    -                   class="site-header__link  "
    -                   data-testid="Get Assistance-3"
    -                   href="/get-assistance"
    -                   target="_self"
    -                 >
    -                   <div>
    -                     Get Assistance
    -                   </div>
    -                 </a>
    -                 <a
    -                   class="site-header__link  "
    -                   data-testid="Sign In-4"
    -                   href="/sign-in"
    -                   target="_self"
    +                 <button
    +                   class="site-header__mobile-menu-text-button"
                      >
    -                   <div>
    -                     Sign In
    +                   <div
    +                     class="site-header__mobile-menu-text-button-content"
    +                   >
    +                     Menu
                        </div>
    -                 </a>
    +                   <span
    +                     class="ui-icon ui-base site-header__mobile-menu-icon"
    +                   >
    +                     <svg
    +                       fill="currentColor"
    +                       height="9"
    +                       viewBox="0 0 9 9"
    +                       width="9"
    +                       xmlns="http://www.w3.org/2000/svg"
    +                     >
    +                       <path
    +                         clip-rule="evenodd"
    +                         d="M8.61429 2.3625H0.385714C0.0309375 2.3625 0 2.086 0 1.74375C0 1.4015 0.0309375 1.125 0.385714 1.125H8.61429C8.96906 1.125 9 1.4015 9 1.74375C9 2.086 8.96906 2.3625 8.61429 2.3625ZM8.61429 3.6H0.385714C0.0309375 3.6 0 3.8765 0 4.21875C0 4.561 0.0309375 4.8375 0.385714 4.8375H8.61429C8.96906 4.8375 9 4.561 9 4.21875C9 3.8765 8.96906 3.6 8.61429 3.6ZM8.61429 6.075H0.385714C0.0309375 6.075 0 6.3515 0 6.69375C0 7.036 0.0309375 7.3125 0.385714 7.3125H8.61429C8.96906 7.3125 9 7.036 9 6.69375C9 6.3515 8.96906 6.075 8.61429 6.075Z"
    +                         fill-rule="evenodd"
    +                       />
    +                     </svg>
    +                   </span>
    +                 </button>
                    </div>
                  </div>
                </nav>
              </header>
              <main
    @@ -1080,11 +1032,11 @@
                          We use this information to help you fill in your application.
                        </p>
                      </header>
                      <div
                        class="seeds-card-section"
    -                   data-divider="inset"
    +                   data-divider="flush"
                      >
                        <form
                          class="p-2 md:py-2 md:px-10"
                          novalidate=""
                        >
    @@ -1190,11 +1142,11 @@
                          </div>
                        </form>
                      </div>
                      <div
                        class="seeds-card-section"
    -                   data-divider="inset"
    +                   data-divider="flush"
                      >
                        <form
                          class="p-2 md:py-2 md:px-10"
                          novalidate=""
                        >
    @@ -1308,11 +1260,11 @@
                          </div>
                        </form>
                      </div>
                      <div
                        class="seeds-card-section"
    -                   data-divider="inset"
    +                   data-divider="flush"
                      >
                        <form
                          class="p-2 md:py-2 md:px-10"
                          novalidate=""
                        >
    @@ -1366,11 +1318,11 @@
                          </div>
                        </form>
                      </div>
                      <div
                        class="seeds-card-section"
    -                   data-divider="inset"
    +                   data-divider="flush"
                      >
                        <form
                          class="p-2 md:py-2 md:px-10"
                          novalidate=""
                        >

      83 |       })
      84 |
    > 85 |       expect(renderResult).toMatchSnapshot()
         |                            ^
      86 |     })
      87 |
      88 |     describe("when the user updates their name and DOB", () => {

      at Object.<anonymous> (__tests__/pages/account/account-settings.test.tsx:85:28)

 › 1 snapshot failed.
Jest: "global" coverage threshold for statements (80%) not met: 32.02%
Jest: "global" coverage threshold for branches (70%) not met: 16.99%
Jest: "global" coverage threshold for lines (80%) not met: 29.75%
Jest: "global" coverage threshold for functions (70%) not met: 23.07%
Snapshot Summary
 › 1 snapshot failed from 1 test suite. Inspect your code changes or run `yarn test -u` to update them.

Test Suites: 1 failed, 1 total
Tests:       1 failed, 14 passed, 15 total
Snapshots:   1 failed, 1 passed, 2 total
Time:        7.295 s
Ran all test suites matching /account-settings/i.
error Command failed with exit code 1.
info Visit https://yarnpkg.com/en/docs/cli/run for documentation about this command.
