// Jest Snapshot v1, https://goo.gl/fbAQLP

exports[`ListingDetailsMOHCD renders MOHCD component 1`] = `
Array [
  <div
    className="listing-detail-panel p-0"
  >
    <div
      className="m-0 info-card flex items-center justify-between"
    >
      <p
        className="m-0 text-base text-serif-xl w-3/4"
      >
        Monitored by the Mayor's Office of Housing & Community Development
      </p>
      <img
        alt="Equal Housing Opportunity Logo"
      />
    </div>
  </div>,
  <li
    className="listing-detail-panel p-0 list-none"
  >
    <div
      className="m-0 info-card flex items-center justify-between"
    >
      <p
        className="m-0 text-base text-serif-xl w-3/4"
      >
        Monitored by the Mayor's Office of Housing & Community Development
      </p>
      <img
        alt="Equal Housing Opportunity Logo"
      />
    </div>
  </li>,
]
`;
