// Jest Snapshot v1, https://goo.gl/fbAQLP

exports[`ListingDetailsHMITable does not render ListingDetailsPricingTable when habitat listing 1`] = `
<DocumentFragment>
  <div
    style="overflow-x: auto;"
  >
    <table
      class="w-full text-xs"
    >
      <thead>
        <tr>
          <th
            class=""
          >
            <span
              class=""
            >
              household size
            </span>
          </th>
          <th
            class=""
          >
            <span
              class=""
            >
              55% AMI (Area Median Income)
            </span>
          </th>
          <th
            class=""
          >
            <span
              class=""
            >
              82% AMI (Area Median Income)
            </span>
          </th>
          <th
            class=""
          >
            <span
              class=""
            >
              109.8% AMI (Area Median Income)
            </span>
          </th>
        </tr>
      </thead>
      <tbody>
        <tr
          class=""
          id="standardrow-0"
        >
          <td
            class="p-5"
            data-label="household size"
          >
            <span
              class="font-semibold"
            >
              1 person
            </span>
          </td>
          <td
            class="p-5"
            data-label="55% AMI (Area Median Income)"
          >
            $51,300 per year
          </td>
          <td
            class="p-5"
            data-label="82% AMI (Area Median Income)"
          >
            $61,300 per year
          </td>
          <td
            class="p-5"
            data-label="109.8% AMI (Area Median Income)"
          >
            $71,300 per year
          </td>
        </tr>
        <tr
          class=""
          id="standardrow-1"
        >
          <td
            class="p-5"
            data-label="household size"
          >
            <span
              class="font-semibold"
            >
              2 people
            </span>
          </td>
          <td
            class="p-5"
            data-label="55% AMI (Area Median Income)"
          >
            $58,600 per year
          </td>
          <td
            class="p-5"
            data-label="82% AMI (Area Median Income)"
          >
            $68,600 per year
          </td>
          <td
            class="p-5"
            data-label="109.8% AMI (Area Median Income)"
          >
            $78,600 per year
          </td>
        </tr>
        <tr
          class=""
          id="standardrow-2"
        >
          <td
            class="p-5"
            data-label="household size"
          >
            <span
              class="font-semibold"
            >
              3 people
            </span>
          </td>
          <td
            class="p-5"
            data-label="55% AMI (Area Median Income)"
          >
            $65,950 per year
          </td>
          <td
            class="p-5"
            data-label="82% AMI (Area Median Income)"
          >
            $75,950 per year
          </td>
          <td
            class="p-5"
            data-label="109.8% AMI (Area Median Income)"
          >
            $75,950 per year
          </td>
        </tr>
        <tr
          class=""
          id="standardrow-3"
        >
          <td
            class="p-5"
            data-label="household size"
          >
            <span
              class="font-semibold"
            >
              4 people
            </span>
          </td>
          <td
            class="p-5"
            data-label="55% AMI (Area Median Income)"
          >
            $73,250 per year
          </td>
          <td
            class="p-5"
            data-label="82% AMI (Area Median Income)"
          >
            $83,250 per year
          </td>
          <td
            class="p-5"
            data-label="109.8% AMI (Area Median Income)"
          >
            $83,250 per year
          </td>
        </tr>
        <tr
          class=""
          id="standardrow-4"
        >
          <td
            class="p-5"
            data-label="household size"
          >
            <span
              class="font-semibold"
            >
              5 people
            </span>
          </td>
          <td
            class="p-5"
            data-label="55% AMI (Area Median Income)"
          >
            $79,100 per year
          </td>
          <td
            class="p-5"
            data-label="82% AMI (Area Median Income)"
          >
            $99,100 per year
          </td>
          <td
            class="p-5"
            data-label="109.8% AMI (Area Median Income)"
          >
            $140,000 per year
          </td>
        </tr>
        <tr
          class=""
          id="standardrow-5"
        >
          <td
            class="p-5"
            data-label="household size"
          >
            <span
              class="font-semibold"
            >
              6 people
            </span>
          </td>
          <td
            class="p-5"
            data-label="55% AMI (Area Median Income)"
          >
            $85,000 per year
          </td>
          <td
            class="p-5"
            data-label="82% AMI (Area Median Income)"
          >
            $95,000 per year
          </td>
          <td
            class="p-5"
            data-label="109.8% AMI (Area Median Income)"
          >
            $150,000 per year
          </td>
        </tr>
      </tbody>
    </table>
  </div>
  <button
    aria-expanded="false"
    aria-label="Show more about maximum income based on household size"
    class="button has-icon-right is-inline font-medium md:bg-primary-lighter mt-3 text-primary-dark"
    tabindex="0"
  >
    <span
      class="button__content"
    >
      Show more
    </span>
    <span
      class="ui-icon ui-small button__icon "
    >
      <svg
        aria-hidden="true"
        class="svg-inline--fa fa-angle-down "
        data-icon="angle-down"
        data-prefix="fas"
        focusable="false"
        role="img"
        viewBox="0 0 448 512"
        xmlns="http://www.w3.org/2000/svg"
      >
        <path
          d="M201.4 342.6c12.5 12.5 32.8 12.5 45.3 0l160-160c12.5-12.5 12.5-32.8 0-45.3s-32.8-12.5-45.3 0L224 274.7 86.6 137.4c-12.5-12.5-32.8-12.5-45.3 0s-12.5 32.8 0 45.3l160 160z"
          fill="currentColor"
        />
      </svg>
    </span>
  </button>
</DocumentFragment>
`;

exports[`ListingDetailsHMITable renders ListingDetailsHMITable component with rental listing 1`] = `
<DocumentFragment>
  <div
    style="overflow-x: auto;"
  >
    <table
      class="w-full text-xs"
    >
      <thead>
        <tr>
          <th
            class=""
          >
            <span
              class=""
            >
              household size
            </span>
          </th>
          <th
            class=""
          >
            <span
              class=""
            >
              55% AMI (Area Median Income)
            </span>
          </th>
          <th
            class=""
          >
            <span
              class=""
            >
              82% AMI (Area Median Income)
            </span>
          </th>
          <th
            class=""
          >
            <span
              class=""
            >
              109.8% AMI (Area Median Income)
            </span>
          </th>
        </tr>
      </thead>
      <tbody>
        <tr
          class=""
          id="standardrow-0"
        >
          <td
            class="p-5"
            data-label="household size"
          >
            <span
              class="font-semibold"
            >
              1 person
            </span>
          </td>
          <td
            class="p-5"
            data-label="55% AMI (Area Median Income)"
          >
            $51,300 per year
          </td>
          <td
            class="p-5"
            data-label="82% AMI (Area Median Income)"
          >
            $61,300 per year
          </td>
          <td
            class="p-5"
            data-label="109.8% AMI (Area Median Income)"
          >
            $71,300 per year
          </td>
        </tr>
        <tr
          class=""
          id="standardrow-1"
        >
          <td
            class="p-5"
            data-label="household size"
          >
            <span
              class="font-semibold"
            >
              2 people
            </span>
          </td>
          <td
            class="p-5"
            data-label="55% AMI (Area Median Income)"
          >
            $58,600 per year
          </td>
          <td
            class="p-5"
            data-label="82% AMI (Area Median Income)"
          >
            $68,600 per year
          </td>
          <td
            class="p-5"
            data-label="109.8% AMI (Area Median Income)"
          >
            $78,600 per year
          </td>
        </tr>
        <tr
          class=""
          id="standardrow-2"
        >
          <td
            class="p-5"
            data-label="household size"
          >
            <span
              class="font-semibold"
            >
              3 people
            </span>
          </td>
          <td
            class="p-5"
            data-label="55% AMI (Area Median Income)"
          >
            $65,950 per year
          </td>
          <td
            class="p-5"
            data-label="82% AMI (Area Median Income)"
          >
            $75,950 per year
          </td>
          <td
            class="p-5"
            data-label="109.8% AMI (Area Median Income)"
          >
            $75,950 per year
          </td>
        </tr>
        <tr
          class=""
          id="standardrow-3"
        >
          <td
            class="p-5"
            data-label="household size"
          >
            <span
              class="font-semibold"
            >
              4 people
            </span>
          </td>
          <td
            class="p-5"
            data-label="55% AMI (Area Median Income)"
          >
            $73,250 per year
          </td>
          <td
            class="p-5"
            data-label="82% AMI (Area Median Income)"
          >
            $83,250 per year
          </td>
          <td
            class="p-5"
            data-label="109.8% AMI (Area Median Income)"
          >
            $83,250 per year
          </td>
        </tr>
        <tr
          class=""
          id="standardrow-4"
        >
          <td
            class="p-5"
            data-label="household size"
          >
            <span
              class="font-semibold"
            >
              5 people
            </span>
          </td>
          <td
            class="p-5"
            data-label="55% AMI (Area Median Income)"
          >
            $79,100 per year
          </td>
          <td
            class="p-5"
            data-label="82% AMI (Area Median Income)"
          >
            $99,100 per year
          </td>
          <td
            class="p-5"
            data-label="109.8% AMI (Area Median Income)"
          >
            $140,000 per year
          </td>
        </tr>
        <tr
          class=""
          id="standardrow-5"
        >
          <td
            class="p-5"
            data-label="household size"
          >
            <span
              class="font-semibold"
            >
              6 people
            </span>
          </td>
          <td
            class="p-5"
            data-label="55% AMI (Area Median Income)"
          >
            $85,000 per year
          </td>
          <td
            class="p-5"
            data-label="82% AMI (Area Median Income)"
          >
            $95,000 per year
          </td>
          <td
            class="p-5"
            data-label="109.8% AMI (Area Median Income)"
          >
            $150,000 per year
          </td>
        </tr>
      </tbody>
    </table>
  </div>
  <button
    aria-expanded="false"
    aria-label="Show more about maximum income based on household size"
    class="button has-icon-right is-inline font-medium md:bg-primary-lighter mt-3 text-primary-dark"
    tabindex="0"
  >
    <span
      class="button__content"
    >
      Show more
    </span>
    <span
      class="ui-icon ui-small button__icon "
    >
      <svg
        aria-hidden="true"
        class="svg-inline--fa fa-angle-down "
        data-icon="angle-down"
        data-prefix="fas"
        focusable="false"
        role="img"
        viewBox="0 0 448 512"
        xmlns="http://www.w3.org/2000/svg"
      >
        <path
          d="M201.4 342.6c12.5 12.5 32.8 12.5 45.3 0l160-160c12.5-12.5 12.5-32.8 0-45.3s-32.8-12.5-45.3 0L224 274.7 86.6 137.4c-12.5-12.5-32.8-12.5-45.3 0s-12.5 32.8 0 45.3l160 160z"
          fill="currentColor"
        />
      </svg>
    </span>
  </button>
</DocumentFragment>
`;

exports[`ListingDetailsHMITable renders ListingDetailsHMITable component with spinner before api call 1`] = `
<DocumentFragment>
  <div
    class="flex w-full justify-center"
  >
    <span
      class="ui-icon ui-large spinner-animation"
    >
      <svg
        fill="currentColor"
        viewBox="0 0 100 100"
      >
        <circle
          cx="50"
          cy="50"
          fill="none"
          r="32"
          stroke="currentColor"
          stroke-dasharray="150.79644737231007 52.26548245743669"
          stroke-width="9"
        />
      </svg>
    </span>
  </div>
</DocumentFragment>
`;

exports[`ListingDetailsHMITable renders ListingDetailsPricingTable component with open sale listing 1`] = `
<DocumentFragment>
  <div
    style="overflow-x: auto;"
  >
    <table
      class="w-full text-xs"
    >
      <thead>
        <tr>
          <th
            class=""
          >
            <span
              class=""
            >
              household size
            </span>
          </th>
          <th
            class=""
          >
            <span
              class=""
            >
              55% AMI (Area Median Income)
            </span>
          </th>
          <th
            class=""
          >
            <span
              class=""
            >
              82% AMI (Area Median Income)
            </span>
          </th>
          <th
            class=""
          >
            <span
              class=""
            >
              109.8% AMI (Area Median Income)
            </span>
          </th>
        </tr>
      </thead>
      <tbody>
        <tr
          class=""
          id="standardrow-0"
        >
          <td
            class="p-5"
            data-label="household size"
          >
            <span
              class="font-semibold"
            >
              1 person
            </span>
          </td>
          <td
            class="p-5"
            data-label="55% AMI (Area Median Income)"
          >
            $51,300 per year
          </td>
          <td
            class="p-5"
            data-label="82% AMI (Area Median Income)"
          >
            $61,300 per year
          </td>
          <td
            class="p-5"
            data-label="109.8% AMI (Area Median Income)"
          >
            $71,300 per year
          </td>
        </tr>
        <tr
          class=""
          id="standardrow-1"
        >
          <td
            class="p-5"
            data-label="household size"
          >
            <span
              class="font-semibold"
            >
              2 people
            </span>
          </td>
          <td
            class="p-5"
            data-label="55% AMI (Area Median Income)"
          >
            $58,600 per year
          </td>
          <td
            class="p-5"
            data-label="82% AMI (Area Median Income)"
          >
            $68,600 per year
          </td>
          <td
            class="p-5"
            data-label="109.8% AMI (Area Median Income)"
          >
            $78,600 per year
          </td>
        </tr>
        <tr
          class=""
          id="standardrow-2"
        >
          <td
            class="p-5"
            data-label="household size"
          >
            <span
              class="font-semibold"
            >
              3 people
            </span>
          </td>
          <td
            class="p-5"
            data-label="55% AMI (Area Median Income)"
          >
            $65,950 per year
          </td>
          <td
            class="p-5"
            data-label="82% AMI (Area Median Income)"
          >
            $75,950 per year
          </td>
          <td
            class="p-5"
            data-label="109.8% AMI (Area Median Income)"
          >
            $75,950 per year
          </td>
        </tr>
        <tr
          class=""
          id="standardrow-3"
        >
          <td
            class="p-5"
            data-label="household size"
          >
            <span
              class="font-semibold"
            >
              4 people
            </span>
          </td>
          <td
            class="p-5"
            data-label="55% AMI (Area Median Income)"
          >
            $73,250 per year
          </td>
          <td
            class="p-5"
            data-label="82% AMI (Area Median Income)"
          >
            $83,250 per year
          </td>
          <td
            class="p-5"
            data-label="109.8% AMI (Area Median Income)"
          >
            $83,250 per year
          </td>
        </tr>
        <tr
          class=""
          id="standardrow-4"
        >
          <td
            class="p-5"
            data-label="household size"
          >
            <span
              class="font-semibold"
            >
              5 people
            </span>
          </td>
          <td
            class="p-5"
            data-label="55% AMI (Area Median Income)"
          >
            $79,100 per year
          </td>
          <td
            class="p-5"
            data-label="82% AMI (Area Median Income)"
          >
            $99,100 per year
          </td>
          <td
            class="p-5"
            data-label="109.8% AMI (Area Median Income)"
          >
            $140,000 per year
          </td>
        </tr>
        <tr
          class=""
          id="standardrow-5"
        >
          <td
            class="p-5"
            data-label="household size"
          >
            <span
              class="font-semibold"
            >
              6 people
            </span>
          </td>
          <td
            class="p-5"
            data-label="55% AMI (Area Median Income)"
          >
            $85,000 per year
          </td>
          <td
            class="p-5"
            data-label="82% AMI (Area Median Income)"
          >
            $95,000 per year
          </td>
          <td
            class="p-5"
            data-label="109.8% AMI (Area Median Income)"
          >
            $150,000 per year
          </td>
        </tr>
      </tbody>
    </table>
  </div>
  <button
    aria-expanded="false"
    aria-label="Show more about maximum income based on household size"
    class="button has-icon-right is-inline font-medium md:bg-primary-lighter mt-3 text-primary-dark"
    tabindex="0"
  >
    <span
      class="button__content"
    >
      Show more
    </span>
    <span
      class="ui-icon ui-small button__icon "
    >
      <svg
        aria-hidden="true"
        class="svg-inline--fa fa-angle-down "
        data-icon="angle-down"
        data-prefix="fas"
        focusable="false"
        role="img"
        viewBox="0 0 448 512"
        xmlns="http://www.w3.org/2000/svg"
      >
        <path
          d="M201.4 342.6c12.5 12.5 32.8 12.5 45.3 0l160-160c12.5-12.5 12.5-32.8 0-45.3s-32.8-12.5-45.3 0L224 274.7 86.6 137.4c-12.5-12.5-32.8-12.5-45.3 0s-12.5 32.8 0 45.3l160 160z"
          fill="currentColor"
        />
      </svg>
    </span>
  </button>
</DocumentFragment>
`;
