// Jest Snapshot v1, https://goo.gl/fbAQLP

exports[`ListingDetailsUnitAccordion displays the unit accordions for a given listing 1`] = `
Array [
  <div
    className="mb-4"
  >
    <button
      aria-expanded={false}
      className="w-full text-left undefined"
      data-test-id="content-accordion-button"
      onClick={[Function]}
    >
      <div
        className="flex justify-between undefined accordion-blue-theme__bar false false"
      >
        <h3
          className="toggle-header-content"
        >
          <strong>
            2 Bedroom
          </strong>
          : 
          2 units, 1199 - 1273 square feet
        </h3>
        <span
          className="ui-icon ui-base flex items-center"
          data-test-id="accordion-open"
        >
          <svg
            fill="#0077DA"
            viewBox="0 0 32 32"
          >
            <path
              d="M28.267 6.133l-12.267 12.267-12.267-12.267-3.733 3.733 16 16 16-16z"
            />
          </svg>
        </span>
      </div>
    </button>
  </div>,
  <div
    className="mb-4"
  >
    <button
      aria-expanded={false}
      className="w-full text-left undefined"
      data-test-id="content-accordion-button"
      onClick={[Function]}
    >
      <div
        className="flex justify-between undefined accordion-blue-theme__bar false false"
      >
        <h3
          className="toggle-header-content"
        >
          <strong>
            3 Bedroom
          </strong>
          : 
          5 units, 1041 - 1355 square feet
        </h3>
        <span
          className="ui-icon ui-base flex items-center"
          data-test-id="accordion-open"
        >
          <svg
            fill="#0077DA"
            viewBox="0 0 32 32"
          >
            <path
              d="M28.267 6.133l-12.267 12.267-12.267-12.267-3.733 3.733 16 16 16-16z"
            />
          </svg>
        </span>
      </div>
    </button>
  </div>,
  <div
    className="mb-4"
  >
    <button
      aria-expanded={false}
      className="w-full text-left undefined"
      data-test-id="content-accordion-button"
      onClick={[Function]}
    >
      <div
        className="flex justify-between undefined accordion-blue-theme__bar false false"
      >
        <h3
          className="toggle-header-content"
        >
          <strong>
            4 Bedroom
          </strong>
          : 
          1 unit, 1615 square feet
        </h3>
        <span
          className="ui-icon ui-base flex items-center"
          data-test-id="accordion-open"
        >
          <svg
            fill="#0077DA"
            viewBox="0 0 32 32"
          >
            <path
              d="M28.267 6.133l-12.267 12.267-12.267-12.267-3.733 3.733 16 16 16-16z"
            />
          </svg>
        </span>
      </div>
    </button>
  </div>,
]
`;
