// Jest Snapshot v1, https://goo.gl/fbAQLP

exports[`ListingDetailsLotteryPreferences displays 3 default preferences - COP, DTHP, L/W 1`] = `
<div
  className="text-tiny"
>
  <p
    className="py-4 text-sm"
  >
    Lottery results are divided into multiple lists. Please see below for general information about each preference. For your specific results, please enter your lottery number.
  </p>
  <h2
    className="undefined text-caps-underline"
  >
    Housing Preferences
  </h2>
  <p
    className="border-b border-gray-450 mb-4 pb-4 text-gray-700 text-sm"
  >
    Ranking in these lists is considered in the order shown here.
  </p>
  <h3
    className="font-sans font-semibold text-tiny tracking-wide uppercase"
  >
    Certificate of Preference (COP)
  </h3>
  <p
    className="text-tiny"
  >
    Up to 1 units
  </p>
  <p
    className="text-gray-700 text-tiny"
  >
    1 applicants are on this list.
  </p>
  <hr
    className="my-4"
  />
  <h3
    className="font-sans font-semibold text-tiny tracking-wide uppercase"
  >
    Displaced Tenant Housing Preference (DTHP)
  </h3>
  <p
    className="text-tiny"
  >
    Up to 1 units
  </p>
  <p
    className="text-gray-700 text-tiny"
  >
    4 applicants are on this list.
  </p>
  <hr
    className="my-4"
  />
  <h3
    className="font-sans font-semibold text-tiny tracking-wide uppercase"
  >
    Live or Work in San Francisco Preference
  </h3>
  <p
    className="text-tiny"
  >
    Up to 1 units
  </p>
  <p
    className="text-gray-700 text-tiny"
  >
    905 applicants are on this list.
  </p>
  <hr
    className="mt-4"
  />
  <div
    className="bg-gray-100 border-b mb-4 p-4"
  >
    <hr
      className="border-b-4 border-primary"
    />
  </div>
  <div>
    <h3
      className="font-sans font-semibold text-tiny tracking-wide uppercase"
    >
      General Pool
    </h3>
    <p
      className="text-tiny"
    >
      Any remaining units
    </p>
    <p
      className=" border-b pb-2 text-gray-700 text-tiny"
    >
      193 applicants are on this list. Please note, preference holders will be considered for all units first.
    </p>
  </div>
  <div
    className="bg-gray-100 mb-2 py-4 text-center"
  >
    <a
      href="http://sfmohcd.org/housing-preference-programs"
      target="_blank"
    >
      Read About Housing Preferences
    </a>
  </div>
  <div
    className="text-center"
  >
    <p
      className="py-2"
    >
      Results from Jan 26, 2022
    </p>
    <p
      className="py-2"
    >
      <a
        href="https://sfmohcd.org/sites/default/files/Documents/MOH/Lottery%20Results/855%20Brannan%20%23318%20Lottery%20Results%201.26.22.pdf"
        target="_blank"
      >
        Download Lottery Results PDF
      </a>
    </p>
    <p
      className="text-gray-700 py-2"
    >
      This PDF contains the unsorted lottery results from the housing lottery held on Jan 25, 2022.
    </p>
  </div>
</div>
`;
