// Jest Snapshot v1, https://goo.gl/fbAQLP

exports[`ListingDetailsLotteryResults displays if lottery is complete 1`] = `
<DocumentFragment>
  <div
    class="border-b pt-4 text-center"
  >
    <h3
      class="mb-4"
    >
      Lottery Results
    </h3>
    <p
      class="mb-4 text-xs"
    >
      January 25, 2022
    </p>
    <div
      class="bg-gray-100 py-4"
    >
      <button
        class="button is-primary is-small"
        tabindex="0"
      >
        View Lottery Results
      </button>
    </div>
  </div>
</DocumentFragment>
`;

exports[`ListingDetailsLotteryResults displays with summary if lottery is complete 1`] = `
<DocumentFragment>
  <div
    class="p-4 text-center"
  >
    An error occurred. Check back later.
  </div>
</DocumentFragment>
`;
