// Jest Snapshot v1, https://goo.gl/fbAQLP

exports[`ListingDetailsLotteryModal displays initial view with form and listing preferences 1`] = `
<DocumentFragment>
  <div
    class="lottery-search-form"
  >
    <header
      class="pt-8 pb-4 text-center bg-white sticky top-0 z-50"
    >
      <h1
        class=""
      >
        Lottery Results
      </h1>
      <h2
        class="font-sans font-semibold text-xs uppercase notranslate"
      >
        855 Brannan Units 318
      </h2>
    </header>
    <p
      class="px-8 pb-4 text-xs"
    >
      Lottery results are divided into multiple lists. Please see below for general information about each preference. For your specific results, please enter your lottery number.
    </p>
    <form
      class="bg-gray-100 flex mb-4 px-6 py-4"
      id="search-form"
    >
      <div
        class="field w-full mb-0"
      >
        <label
          class="label sr-only"
          for="lotterySearchNumber"
        >
          Enter Your Lottery Number
        </label>
        <div
          class="control"
        >
          <input
            aria-describedby="lotterySearchNumber-error"
            aria-invalid="false"
            class="input"
            id="lotterySearchNumber"
            name="lotterySearchNumber"
            placeholder="Enter Your Lottery Number"
            type="text"
            value=""
          />
        </div>
        <span
          id="lotterySearchNumber-error"
        />
      </div>
      <button
        aria-label="Submit number"
        class="bg-blue-500 h-12 p-3 translate"
        type="submit"
      >
        <span
          class="ui-icon ui-medium"
        >
          <svg
            fill="#ffffff"
            viewBox="0 0 32 32"
          >
            <path
              d="M7.467 30.133c-0.4 0.4-0.4 1.2 0 1.6 0 0 0 0 0 0v0c0.4 0.4 1.2 0.4 1.6 0 0 0 0 0 0 0l14-14-1.467-1.733-14.133 14.133z"
            />
            <path
              d="M7.467 1.867l15.733 15.6 1.6-1.6-1.6-1.6-14.133-14c-0.4-0.4-1.067-0.4-1.6 0-0.4 0.533-0.4 1.2 0 1.6z"
            />
            <path
              d="M24.8 16v0 0z"
            />
          </svg>
        </span>
      </button>
    </form>
    <div
      aria-busy="false"
      aria-live="polite"
    >
      <div
        class="text-sm"
      >
        <header
          class="border-b border-gray-450 mb-4"
        >
          <h2
            class="text__underline-weighted mx-8"
          >
            Housing Preferences
          </h2>
          <div
            class="pb-4 text-gray-700 text-xs mx-8 translate"
          >
            <p>
              Ranking in these lists is considered in the order shown here. 
              <a
                href="https://www.youtube.com/watch?v=oW56bUsrSW4"
                target="_blank"
              >
                Watch a video on how lottery ranking works.
              </a>
            </p>
          </div>
        </header>
        <div>
          <div
            class="px-8 "
          >
            <h3
              class="font-sans font-semibold text-xs tracking-wide uppercase"
            >
              Certificate of Preference (COP)
            </h3>
            <p
              class="text-sm"
            >
              Up to 1 unit
            </p>
            <p
              class="text-gray-700 text-sm"
            >
              1 applicant is on this list.
            </p>
          </div>
          <hr
            class="my-4"
          />
        </div>
        <div>
          <div
            class="px-8 "
          >
            <h3
              class="font-sans font-semibold text-xs tracking-wide uppercase"
            >
              Displaced Tenant Housing Preference (DTHP)
            </h3>
            <p
              class="text-sm"
            >
              Up to 1 unit
            </p>
            <p
              class="text-gray-700 text-sm"
            >
              4 applicants are on this list.
            </p>
          </div>
          <hr
            class="my-4"
          />
        </div>
        <div>
          <div
            class="px-8 "
          >
            <h3
              class="font-sans font-semibold text-xs tracking-wide uppercase"
            >
              Live or Work in San Francisco Preference
            </h3>
            <p
              class="text-sm"
            >
              Up to 1 unit
            </p>
            <p
              class="text-gray-700 text-sm"
            >
              905 applicants are on this list.
            </p>
          </div>
          <hr
            class="mt-4"
          />
        </div>
        <div
          class="bg-gray-100 border-b mb-4 p-4"
        >
          <hr
            class="border-b-4 border-primary"
          />
        </div>
        <div
          class="px-8"
        >
          <h3
            class="font-sans font-semibold text-sm tracking-wide uppercase"
          >
            General Pool
          </h3>
          <p
            class="mb-1 text-sm"
          >
            Any remaining units
          </p>
          <p
            class="text-gray-700 text-sm"
          >
            193 applicants are on this list. Please note, preference holders will be considered for all units first.
          </p>
        </div>
        <hr
          class="mt-4"
        />
      </div>
    </div>
    <div
      class="bg-gray-100 py-4 px-8 md:px-0 text-center"
    >
      <a
        class="text-blue-900"
        href="https://www.sf.gov/get-priority-housing-lottery"
        target="_blank"
      >
        Read About Housing Preferences
      </a>
    </div>
    <div
      class="p-4 text-center text-sm"
    >
      <p
        class="py-2"
      >
        <a
          class="text-blue-900"
          href="https://sfmohcd.org/sites/default/files/Documents/MOH/Lottery%20Results/855%20Brannan%20%23318%20Lottery%20Results%201.26.22.pdf"
          target="_blank"
        >
          Download lottery results PDF
        </a>
      </p>
    </div>
  </div>
</DocumentFragment>
`;
