// Jest Snapshot v1, https://goo.gl/fbAQLP

exports[`ListingDetailsWaitlist does not render waitlist section if listing has no waitlist 1`] = `<DocumentFragment />`;

exports[`ListingDetailsWaitlist renders waitlist section if listing has waitlist 1`] = `
<DocumentFragment>
  <div
    class="w-full px-4 md:px-0"
  >
    <section
      class="aside-block is-tinted"
    >
      <h4
        class="text__caps-weighted"
      >
        Available units and waitlist
      </h4>
      <div>
        <div
          class="text-sm text-gray-800 pb-3"
        >
          <p>
            Once lottery winners fill all available units, additional lottery winners will be placed on the waitlist for 1 unit
          </p>
        </div>
        <ul>
          <li
            class="uppercase text-gray-800 font-bold font-alt-sans leading-7"
          >
            <span
              class="text-right w-16 inline-block pr-2.5 text-base"
            >
              5
            </span>
            <span
              class="text-xs"
            >
              Available Units
            </span>
          </li>
          <li
            class="uppercase text-gray-800 font-bold font-alt-sans leading-7"
          >
            <span
              class="text-right w-16 inline-block pr-2.5 text-base"
            >
              2
            </span>
            <span
              class="text-xs"
            >
              Open Waitlist Slots
            </span>
          </li>
        </ul>
      </div>
    </section>
  </div>
</DocumentFragment>
`;
