// Jest Snapshot v1, https://goo.gl/fbAQLP

exports[`ListingDetailsInfoSession does not render ListingDetailsInfoSession component whith no information sessions attached to listing 1`] = `<DocumentFragment />`;

exports[`ListingDetailsInfoSession renders ListingDetailsInfoSession component 1`] = `
<DocumentFragment>
  <div
    class="border-b border-gray-400 md:border-b-0"
  >
    <section
      class="aside-block"
    >
      <h4
        class="text__underline-weighted"
      >
        Information Sessions
      </h4>
      <div
        class="false"
      >
        <p
          class="text text-gray-800 pb-2 flex justify-between items-center"
        >
          <span
            class="inline-block text-sm uppercase normal-case"
          >
            November 18, 2019
          </span>
          <span
            class="inline-block text-xs font-bold ml-5 font-alt-sans"
          >
            6:00 PM
          </span>
        </p>
        <div
          class="text-sm text-gray-700 false"
        >
          <div
            class="flex flex-col"
          >
            <span
              class="links-space translate"
            >
              <span>
                MOHCD
              </span>
            </span>
            <span>
              1 South Van Ness Ave, Fl 5, San Francisco
            </span>
          </div>
        </div>
      </div>
    </section>
  </div>
</DocumentFragment>
`;
