// Jest Snapshot v1, https://goo.gl/fbAQLP

exports[`ListingDetailsOpenHouses displays Open Houses with Listing containing Open_Houses 1`] = `
<DocumentFragment>
  <div
    class="open-houses border-b border-gray-400 md:border-b-0"
  >
    <section
      class="aside-block"
    >
      <h4
        class="text__underline-weighted"
      >
        Open Houses
      </h4>
      <div
        class="false"
      >
        <p
          class="text text-gray-800 pb-2 flex justify-between items-center"
        >
          <span
            class="inline-block text-sm uppercase normal-case"
          >
            January 7, 2022
          </span>
          <span
            class="inline-block text-xs font-bold ml-5 font-alt-sans"
          >
            5:00PM - 7:00PM
          </span>
        </p>
      </div>
    </section>
  </div>
</DocumentFragment>
`;

exports[`ListingDetailsOpenHouses doesn't display anything with Listing not containing Open_Houses 1`] = `<DocumentFragment />`;
