// Jest Snapshot v1, https://goo.gl/fbAQLP

exports[`<AssistanceLayout /> Contact Bar renders Contact Information 1`] = `
<DocumentFragment>
  <div
    class="notranslate site-wrapper"
  >
    <div
      class="site-content"
    >
      <title>
        Title Text
      </title>
      <meta
        charset="utf-8"
      />
      <meta
        content="IE=edge"
        http-equiv="X-UA-Compatible"
      />
      <meta
        content="width=device-width, initial-scale=1"
        name="viewport"
      />
      <meta
        content="M1zcm6GGM6sHSF_jvkq254DbYAj94JYbFC7ArZDAXlg"
        name="google-site-verification"
      />
      <meta
        content="Title Text"
        property="og:title"
      />
      <meta
        property="og:image"
      />
      <meta
        content="website"
        property="og:type"
      />
      <header
        class="site-header"
      >
        <a
          class="site-header__skip-link"
          href="#main-content"
        >
          Skip to main content
        </a>
        <div
          class="language-bar"
        >
          <div
            class="language-bar__inner"
          >
            <nav
              aria-label="Choose your language"
              class="language-nav"
            >
              <ul
                class="language-nav__list"
              >
                <li>
                  <button
                    class="language-nav__list-button is-active"
                    type="button"
                  >
                    English
                  </button>
                </li>
                <li>
                  <button
                    class="language-nav__list-button"
                    type="button"
                  >
                    Español
                  </button>
                </li>
                <li>
                  <button
                    class="language-nav__list-button"
                    type="button"
                  >
                    中文
                  </button>
                </li>
                <li>
                  <button
                    class="language-nav__list-button"
                    type="button"
                  >
                    Filipino
                  </button>
                </li>
              </ul>
            </nav>
          </div>
        </div>
        <div
          class="site-header__notice "
        >
          <div
            class="site-header__notice-text"
          >
            <span>
              We'd love to get 
              <a
                href="https://airtable.com/shrw64DubWTQfRkdo"
                target="_blank"
              >
                your feedback.
              </a>
            </span>
          </div>
        </div>
        <nav
          aria-label="main navigation"
          class="site-header__container"
          role="navigation"
        >
          <div
            class="site-header__base  site-header__base-wrapped"
          >
            <div
              class="site-header__logo-container site-header__logo-width-med"
              id="site-header-logo"
            >
              <a
                aria-label="DAHLIA San Francisco Housing Portal"
                class="site-header__logo translate site-header__custom-width"
                href="/"
              >
                <div
                  class="site-header__logo-content site-header__image-only-container"
                >
                  <img
                    alt="Site logo"
                    class="site-header__logo-image site-header__image-only"
                  />
                </div>
              </a>
            </div>
            <div
              class="site-header__navbar-menu site-header__navbar-wrapped"
              id="site-header-links"
            >
              <a
                class="site-header__link pb-4 pt-1 flex items-end "
                data-testid="Rent-0"
                href="/listings/for-rent"
              >
                <div>
                  Rent
                </div>
              </a>
              <a
                class="site-header__link pb-4 pt-1 flex items-end "
                data-testid="Buy-1"
                href="/listings/for-sale"
              >
                <div>
                  Buy
                </div>
              </a>
              <a
                class="site-header__link pb-4 pt-1 flex items-end "
                data-testid="My Favorites-2"
                href="/favorites"
              >
                <div>
                  My Favorites
                </div>
              </a>
              <a
                class="site-header__link pb-4 pt-1 flex items-end "
                data-testid="Get Assistance-3"
                href="/get-assistance"
              >
                <div>
                  Get Assistance
                </div>
              </a>
              <a
                class="site-header__link pb-4 pt-1 flex items-end "
                data-testid="Sign In-4"
                href="/sign-in"
              >
                <div>
                  Sign In
                </div>
              </a>
            </div>
          </div>
        </nav>
      </header>
      <main
        class="md:overflow-x-hidden"
        data-testid="main-content-test-id"
        id="main-content"
      >
        <header
          class="page-header is-inverse"
        >
          <hgroup
            class="page-header__group"
          >
            <h1
              class="page-header__title"
              data-testid="page-header"
            >
              Title Text
            </h1>
            <p
              class="page-header__lead"
            >
               Subtitle Text
            </p>
          </hgroup>
        </header>
        <article
          class="flex flex-wrap flex-col md:flex-row relative max-w-5xl m-auto w-full"
        >
          <div
            class="w-full md:w-2/3"
            data-testid="assistance-main-content"
          >
            <h1>
              Content!
            </h1>
          </div>
          <section
            class="aside-block w-full md:w-1/3 md:max-w-xs text-gray-950 md:border-l border-t md:border-t-0 border-gray-450 border-b-0 p-6 mx-0"
          >
            <h4
              class="text__underline-weighted"
            >
              Contact
            </h4>
            <div
              class="text-sm text-gray-750"
            >
              <span
                class="text-gray-950"
              >
                <p
                  class="mb-4"
                >
                  <span
                    class="font-semibold"
                  >
                    For questions about DAHLIA listings:
                  </span>
                  <br />
                   
                  <span>
                    Contact the agent shown on the listing page.
                  </span>
                </p>
                <p
                  class="mb-4"
                >
                  <span
                    class="font-semibold"
                  >
                    For help with San Francisco services 24 hours a day, 7 days a week:
                  </span>
                  <br />
                  <span>
                    Call 
                    <a
                      href="tel:311"
                    >
                      311
                    </a>
                     or 
                    <a
                      href="https://sf.gov/departments/311-customer-service-center"
                      target="_blank"
                    >
                      visit the 311 website.
                    </a>
                  </span>
                </p>
                <div>
                  <span
                    class="font-semibold"
                  >
                    For questions about housing programs:
                  </span>
                  <br />
                  <div>
                    <span>
                      <a
                        href="https://sf.gov/departments/mayors-office-housing-and-community-development"
                        target="_blank"
                      >
                        Visit the website for the Mayor’s Office of Housing and Community Development 
                      </a>
                      (MOHCD)
                    </span>
                  </div>
                  <div
                    class="mt-1"
                  >
                    <span>
                      Email 
                      <a
                        href="mailto:sfhousinginfo@sfgov.org"
                      >
                        sfhousinginfo@sfgov.org
                      </a>
                    </span>
                  </div>
                  <div
                    class="mt-1"
                  >
                    Call MOHCD at:
                    <ul
                      class="list-disc list-inside mt-1"
                    >
                      <li>
                        English: 
                        <a
                          href="tel:+14157015622"
                        >
                          (415) 701-5622
                        </a>
                      </li>
                      <li>
                        Español: 
                        <a
                          href="tel:+14157015623"
                        >
                          (415) 701-5623
                        </a>
                      </li>
                      <li>
                        中文: 
                        <a
                          href="tel:+14157015624"
                        >
                          (415) 701-5624
                        </a>
                      </li>
                      <li>
                        Filipino: 
                        <a
                          href="tel:+14157015570"
                        >
                          (415) 701-5570
                        </a>
                      </li>
                    </ul>
                  </div>
                </div>
              </span>
            </div>
          </section>
        </article>
      </main>
    </div>
    <footer
      class="site-footer"
    >
      <div
        class="footer-row "
      >
        <div
          class="footer-row__section pb-8"
        >
          <img
            alt=""
            data-testid="footer-logo-test-id"
          />
        </div>
      </div>
      <div
        class="footer-row "
      >
        <div
          class="footer-row__section py-2"
        >
          <p
            class="text-gray-500"
          >
            <span>
              DAHLIA: San Francisco Housing Portal is a project of the 
              <br />
              <a
                class="text-white"
                href="https://sf.gov/departments/mayors-office-housing-and-community-development"
                target="_blank"
              >
                Mayor's Office of Housing and Community Development
              </a>
            </span>
          </p>
          <p
            class="text-xs mt-4 text-gray-500"
          >
            <span>
              in partnership with
              <br />
              <a
                class="text-white"
                href="https://digitalservices.sfgov.org/"
                target="_blank"
              >
                San Francisco Digital Services
              </a>
              <br />
              <a
                class="text-white"
                href="https://www.innovation.sfgov.org/"
                target="_blank"
              >
                Mayor's Office of Civic Innovation
              </a>
            </span>
          </p>
        </div>
      </div>
      <div
        class="footer-row "
      >
        <div
          class="footer-row__section pb-8"
        >
          <p
            class="text-sm"
          >
            For listing and application questions, please contact the agent displayed on the listing. 
            <br />
            For general program inquiries, you may call MOHCD at 415-701-5500.
          </p>
        </div>
      </div>
      <section
        class="footer-sock"
      >
        <div
          class="footer-sock__inner"
        >
          <p
            class="footer-copyright"
          >
            © City & County of San Francisco
          </p>
          <nav
            aria-label="Footer"
            class="footer-nav"
          >
            <a
              class="text-gray-500"
              href="https://airtable.com/shrw64DubWTQfRkdo"
              target="_blank"
            >
              Give Feedback
            </a>
            <a
              class="text-gray-500"
              href="mailto:sfhousinginfo@sfgov.org"
              target="_self"
            >
              Contact
            </a>
            <a
              class="text-gray-500"
              href="/disclaimer"
              target="_self"
            >
              Disclaimer
            </a>
            <a
              class="text-gray-500"
              href="/privacy"
              target="_self"
            >
              Privacy Policy
            </a>
          </nav>
        </div>
      </section>
    </footer>
  </div>
</DocumentFragment>
`;
