// Jest Snapshot v1, https://goo.gl/fbAQLP

exports[`BuyHeader renders BuyHeader component 1`] = `
<DocumentFragment>
  <header
    class="page-header buy-header"
  >
    <hgroup
      class="page-header__group"
    >
      <div
        class="buy-header_columns"
      >
        <h1
          class="buy-header_title buy-header_left_col"
        >
          Buy affordable housing
        </h1>
        <div
          class="mb-8 buy-header_right_col"
        >
          <a
            class="button is-primary is-fullwidth"
            href="#listing-results"
          >
            See the listings
          </a>
        </div>
        <div
          class="buy-header_left_col"
        >
          <div
            class="mb-8"
          >
            <h2
              class="text__underline-weighted mb-5 text-gray-750"
            >
              Before applying
            </h2>
            <p
              class="text-gray-750"
            >
              Make sure you:
            </p>
            <ol
              class="numbered-list my-5"
            >
              <li
                class="text-gray-750 primary-lighter-markup-link"
              >
                Haven't owned residential property in the past 3 years
              </li>
              <li
                class="text-gray-750 primary-lighter-markup-link"
              >
                <p>
                  Meet our 
                  <a
                    href="https://sfmohcd.org/homebuyer-program-eligibility"
                    target="_blank"
                  >
                    income requirements
                  </a>
                </p>
              </li>
              <li
                class="text-gray-750 primary-lighter-markup-link"
              >
                <p>
                  Complete 
                  <a
                    href="https://sfmohcd.org/homebuyer-application-requirements#education"
                    target="_blank"
                  >
                    homebuyer education
                  </a>
                </p>
              </li>
              <li
                class="text-gray-750 primary-lighter-markup-link"
              >
                <p>
                  Get pre-approved for a mortgage loan by a 
                  <a
                    href="https://sfmohcd.org/lender-list"
                    target="_blank"
                  >
                    lender on our list
                  </a>
                </p>
              </li>
              <li
                class="text-gray-750 primary-lighter-markup-link"
              >
                Have enough in savings for closing costs and downpayment
              </li>
            </ol>
            <div
              class="text-gray-750 primary-lighter-markup-link-desktop"
            >
              <p>
                Read 
                <a
                  href="https://sfmohcd.org/homebuyer-program-eligibility"
                  target="_blank"
                >
                  our full list of requirements
                </a>
                 for more details.
              </p>
            </div>
          </div>
        </div>
        <div
          class="buy-header_right_col"
        >
          <div
            class="md:bg-white md:p-4"
          >
            <h2
              class="text__underline-weighted mb-5"
            >
              Skip the lottery
            </h2>
            <p
              class="mb-4"
            >
              There are some opportunities to buy a home without entering a lottery.
            </p>
            <p
              class="mb-4"
            >
              Instead, we review applications in the order we receive them - first come, first served.
            </p>
            <p
              class="mb-4"
            >
              Apply to buy a home:
            </p>
            <ul
              class="list-disc ml-6"
            >
              <li>
                <span>
                  At a 
                  <a
                    href="https://sf.gov/reports/august-2023/first-come-first-served-bmr-listings"
                    target="_blank"
                  >
                    below-market-rate (BMR) price
                  </a>
                  . Sometimes, prices are negotiable.
                </span>
              </li>
              <br />
              <li>
                <span>
                  At a 
                  <a
                    href="https://sf.gov/reports/august-2023/city-second-program-current-listings"
                    target="_blank"
                  >
                    firm price set by the open market
                  </a>
                  . No bidding is needed. These listings are part of the City Second program.
                </span>
              </li>
            </ul>
          </div>
        </div>
      </div>
    </hgroup>
  </header>
</DocumentFragment>
`;
