// Jest Snapshot v1, https://goo.gl/fbAQLP

exports[`HabitatForHumanity renders HabitatForHumanity component 1`] = `
<DocumentFragment>
  <h2
    class="text__large-primary order-1"
  >
    <a
      href="/listings/a0W8H000000HI2uUAG"
    >
      TEST: 36 Amber Drive
    </a>
  </h2>
  <h3
    class="text__medium-normal order-2"
  >
    <span>
      36 Amber Drive, San Francisco, 
      <abbr
        class="no-underline"
        title="California"
      >
        CA
      </abbr>
       94131
    </span>
  </h3>
  <hr
    class="mb-2"
  />
  <div
    class="text-gray-750"
  >
    <h3
      class="text__small-weighted"
    >
      Available Units
    </h3>
    <div
      class="font-sans font-semibold text-base uppercase text-gray-750 tracking-wider border-0 border-b pb-2 mb-2 mt-4"
    >
      Units
    </div>
    <div>
      <span
        class="font-semibold"
      >
        :
      </span>
        available
    </div>
    <div
      class="font-sans font-semibold text-base uppercase text-gray-750 tracking-wider border-0 border-b pb-2 mb-2 mt-4"
    >
      Payments
    </div>
    <div>
      No down payment, but you do need to complete 250 hours of sweat equity. Your monthly payment will be 30% of your income.
    </div>
    <div
      class="mt-4 border-0 border-b pb-2 mb-2"
    >
      You will need to attend an information session.
    </div>
  </div>
</DocumentFragment>
`;
