// Jest Snapshot v1, https://goo.gl/fbAQLP

exports[`TableSubHeader renders the priority units for Shirley Chisholm listing 2 1`] = `
<DocumentFragment>
  <div>
    Includes Priority Units for:
    <ul
      class="list-disc ml-4"
    >
      <li>
        San Francisco Unified School District employees
      </li>
    </ul>
  </div>
</DocumentFragment>
`;
